// Jest Snapshot v1, https://goo.gl/fbAQLP

exports[`components exports modules correctly 1`] = `
Array [
  "NavBar",
  "Link",
]
`;
