// Jest Snapshot v1, https://goo.gl/fbAQLP

exports[`utils exports modules correctly 1`] = `
Array [
  "timer",
  "infiniteTimer",
]
`;
